// Jest Snapshot v1, https://goo.gl/fbAQLP

exports[`Missions It has to match the snapshot 1`] = `
Object {
  "asFragment": [Function],
  "baseElement": <body>
    <div>
      <table>
        <thead>
          <tr>
            <th
              class="mission_name"
            >
              <h3>
                Mission
              </h3>
            </th>
            <th
              class="mission_description"
            >
              <h3>
                Description
              </h3>
            </th>
            <th
              class="mission_status"
            >
              <h3>
                Status
              </h3>
            </th>
            <th>
               
            </th>
          </tr>
        </thead>
        <tbody />
      </table>
    </div>
  </body>,
  "container": <div>
    <table>
      <thead>
        <tr>
          <th
            class="mission_name"
          >
            <h3>
              Mission
            </h3>
          </th>
          <th
            class="mission_description"
          >
            <h3>
              Description
            </h3>
          </th>
          <th
            class="mission_status"
          >
            <h3>
              Status
            </h3>
          </th>
          <th>
             
          </th>
        </tr>
      </thead>
      <tbody />
    </table>
  </div>,
  "debug": [Function],
  "findAllByAltText": [Function],
  "findAllByDisplayValue": [Function],
  "findAllByLabelText": [Function],
  "findAllByPlaceholderText": [Function],
  "findAllByRole": [Function],
  "findAllByTestId": [Function],
  "findAllByText": [Function],
  "findAllByTitle": [Function],
  "findByAltText": [Function],
  "findByDisplayValue": [Function],
  "findByLabelText": [Function],
  "findByPlaceholderText": [Function],
  "findByRole": [Function],
  "findByTestId": [Function],
  "findByText": [Function],
  "findByTitle": [Function],
  "getAllByAltText": [Function],
  "getAllByDisplayValue": [Function],
  "getAllByLabelText": [Function],
  "getAllByPlaceholderText": [Function],
  "getAllByRole": [Function],
  "getAllByTestId": [Function],
  "getAllByText": [Function],
  "getAllByTitle": [Function],
  "getByAltText": [Function],
  "getByDisplayValue": [Function],
  "getByLabelText": [Function],
  "getByPlaceholderText": [Function],
  "getByRole": [Function],
  "getByTestId": [Function],
  "getByText": [Function],
  "getByTitle": [Function],
  "queryAllByAltText": [Function],
  "queryAllByDisplayValue": [Function],
  "queryAllByLabelText": [Function],
  "queryAllByPlaceholderText": [Function],
  "queryAllByRole": [Function],
  "queryAllByTestId": [Function],
  "queryAllByText": [Function],
  "queryAllByTitle": [Function],
  "queryByAltText": [Function],
  "queryByDisplayValue": [Function],
  "queryByLabelText": [Function],
  "queryByPlaceholderText": [Function],
  "queryByRole": [Function],
  "queryByTestId": [Function],
  "queryByText": [Function],
  "queryByTitle": [Function],
  "rerender": [Function],
  "unmount": [Function],
}
`;
